found BEGINEXPRESSION (
found id defun
found id filter
found BEGINEXPRESSION (
found id list
found id predicate
found ENDEXPRESSION )
found BEGINEXPRESSION (
found id if
found BEGINEXPRESSION (
found id null
found id list
found ENDEXPRESSION )
Unknown character [']
found BEGINEXPRESSION (
found ENDEXPRESSION )
found BEGINEXPRESSION (
found id let
found BEGINEXPRESSION (
found BEGINEXPRESSION (
found id the-rest
found BEGINEXPRESSION (
found id filter
found BEGINEXPRESSION (
found id cdr
found id list
found ENDEXPRESSION )
found id predicate
found ENDEXPRESSION )
found ENDEXPRESSION )
found ENDEXPRESSION )
found BEGINEXPRESSION (
found id if
found BEGINEXPRESSION (
found id funcall
found id predicate
found BEGINEXPRESSION (
found id car
found id list
found ENDEXPRESSION )
found ENDEXPRESSION )
found BEGINEXPRESSION (
found id cons
found BEGINEXPRESSION (
found id car
found id list
found ENDEXPRESSION )
found id the-rest
found ENDEXPRESSION )
found id the-rest
found ENDEXPRESSION )
found ENDEXPRESSION )
found ENDEXPRESSION )
found ENDEXPRESSION )
